src/config/clerk.ts(23,27): error TS2304: Cannot find name 'clerk'.
src/config/clerk.ts(48,35): error TS2339: Property 'CLERK_WEBHOOK_SECRET' does not exist on type '{ NODE_ENV: "development" | "staging" | "production"; PORT: number; HOST: string; DATABASE_URL: string; REDIS_URL: string; JWT_SECRET: string; JWT_REFRESH_SECRET: string; ENCRYPTION_KEY: string; CLERK_SECRET_KEY: string; CLERK_PUBLISHABLE_KEY: string; CLICKHOUSE_URL?: string | undefined; OPENAI_API_KEY?: string | un...'.
src/config/clerk.ts(57,31): error TS2835: Relative import paths need explicit file extensions in ECMAScript imports when '--moduleResolution' is 'node16' or 'nodenext'. Did you mean './database.js'?
src/config/redis.ts(4,26): error TS2351: This expression is not constructable.
  Type 'typeof import("C:/Users/vikas/OneDrive/Desktop/SaasBackend/api-monitoring-backend/node_modules/ioredis/built/index")' has no construct signatures.
src/modules/auth/clerk-webhook.ts(28,30): error TS2769: No overload matches this call.
  Overload 1 of 4, '(arrayBuffer: WithImplicitCoercion<ArrayBufferLike>, byteOffset?: number | undefined, length?: number | undefined): Buffer<ArrayBufferLike>', gave the following error.
    Argument of type 'string | undefined' is not assignable to parameter of type 'WithImplicitCoercion<ArrayBufferLike>'.
      Type 'undefined' is not assignable to type 'WithImplicitCoercion<ArrayBufferLike>'.
  Overload 2 of 4, '(string: WithImplicitCoercion<string>, encoding?: BufferEncoding | undefined): Buffer<ArrayBuffer>', gave the following error.
    Argument of type 'string | undefined' is not assignable to parameter of type 'WithImplicitCoercion<string>'.
      Type 'undefined' is not assignable to type 'WithImplicitCoercion<string>'.
src/modules/auth/clerk-webhook.ts(35,66): error TS2769: No overload matches this call.
  The last overload gave the following error.
    Argument of type 'string | undefined' is not assignable to parameter of type 'WithImplicitCoercion<string | ArrayLike<number>>'.
      Type 'undefined' is not assignable to type 'WithImplicitCoercion<string | ArrayLike<number>>'.
src/modules/auth/clerk-webhook.ts(52,9): error TS2353: Object literal may only specify known properties, and 'clerk_user_id' does not exist in type '{ email: string; full_name: string; password: string; avatar_url?: string | undefined; }'.
src/modules/auth/clerk-webhook.ts(59,21): error TS2339: Property 'createUserFromClerk' does not exist on type 'typeof import("C:/Users/vikas/OneDrive/Desktop/SaasBackend/api-monitoring-backend/src/modules/auth/service", { with: { "resolution-mode": "import" } })'.
src/shared/utils/request.ts(99,5): error TS2532: Object is possibly 'undefined'.
src/shared/utils/request.ts(257,20): error TS2339: Property 'routerPath' does not exist on type 'FastifyRequest<RouteGenericInterface, RawServerDefault, IncomingMessage, FastifySchema, FastifyTypeProviderDefault, unknown, FastifyBaseLogger, ResolveFastifyRequestType<...>>'.
src/shared/utils/request.ts(258,25): error TS2339: Property 'statusCode' does not exist on type 'FastifyRequest<RouteGenericInterface, RawServerDefault, IncomingMessage, FastifySchema, FastifyTypeProviderDefault, unknown, FastifyBaseLogger, ResolveFastifyRequestType<...>>'.
src/shared/utils/request.ts(284,13): error TS2339: Property 'clientInfo' does not exist on type 'FastifyRequest<RouteGenericInterface, RawServerDefault, IncomingMessage, FastifySchema, FastifyTypeProviderDefault, unknown, FastifyBaseLogger, ResolveFastifyRequestType<...>>'.
